[dotenv@17.2.3] injecting env (25) from .env -- tip: Ô£à audit secrets and track compliance: https://dotenvx.com/ops
Testing Resend API Key: Present
API Key starts with: re_Ko
Domains Result: {
  "data": null,
  "error": {
    "status": "error",
    "code": 404,
    "message": "Application not found",
    "request_id": "62N4_lAISBy6Xgl-vEOTxA"
  },
  "headers": {
    "alt-svc": "h3=\":443\"; ma=86400",
    "cache-control": "public, max-age=5",
    "cf-cache-status": "DYNAMIC",
    "cf-ray": "9ea15b2e3c8657d9-DKR",
    "connection": "keep-alive",
    "content-encoding": "br",
    "content-type": "application/json",
    "date": "Fri, 10 Apr 2026 11:19:22 GMT",
    "nel": "{\"report_to\":\"cf-nel\",\"success_fraction\":0.0,\"max_age\":604800}",
    "report-to": "{\"group\":\"cf-nel\",\"max_age\":604800,\"endpoints\":[{\"url\":\"https://a.nel.cloudflare.com/report/v4?s=o%2BqxaxJqBn%2B6Izgi%2F1FFPGf8Vr1EvZrsiyxou3s2Jbmv8x1%2Fjwf9GFgAjOtvDH%2F6z9t348Ble8JFPjWJM5wEjF0PrI6Peocu7hREWeTYlL2LbEibQLP6lUk8Y%2F%2F749ONmg%3D%3D\"}]}",
    "server": "cloudflare",
    "transfer-encoding": "chunked",
    "x-cache": "MISS",
    "x-cache-hits": "0",
    "x-railway-cdn-edge": "fastly/cache-par-lfpg1960042-PAR",
    "x-railway-edge": "railway/europe-west4-drams3a",
    "x-railway-fallback": "true",
    "x-railway-request-id": "62N4_lAISBy6Xgl-vEOTxA",
    "x-served-by": "cache-par-lfpg1960042-PAR"
  }
}
